src/api/ownership.test.ts(149,7): error TS2740: Type '{ id: string; }' is missing the following properties from type 'EntityProfile': schemaVersion, source, brand, context, and 9 more.
src/api/ownership.test.ts(176,7): error TS2740: Type '{ id: string; }' is missing the following properties from type 'EntityProfile': schemaVersion, source, brand, context, and 9 more.
src/api/ownership.test.ts(214,11): error TS2353: Object literal may only specify known properties, and 'label' does not exist in type '{ createdAt: string; updatedAt?: string | undefined; requestId?: string | undefined; sessionId?: string | undefined; confidence?: number | undefined; businessConfig?: EntityBusinessConfig | undefined; notes?: string[] | undefined; }'.
src/api/ownership.test.ts(265,7): error TS2740: Type '{ id: string; }' is missing the following properties from type 'EntityProfile': schemaVersion, source, brand, context, and 9 more.
src/api/ownership.test.ts(295,9): error TS2740: Type '{ id: string; }' is missing the following properties from type 'EntityProfile': schemaVersion, source, brand, context, and 9 more.
src/api/ownership.test.ts(304,9): error TS2740: Type '{ id: string; }' is missing the following properties from type 'EntityProfile': schemaVersion, source, brand, context, and 9 more.
src/api/ownership.test.ts(313,9): error TS2740: Type '{ id: string; }' is missing the following properties from type 'EntityProfile': schemaVersion, source, brand, context, and 9 more.
src/api/ownership.test.ts(346,7): error TS2740: Type '{ id: string; }' is missing the following properties from type 'EntityProfile': schemaVersion, source, brand, context, and 9 more.
src/api/ownership.test.ts(403,7): error TS2740: Type '{ id: string; }' is missing the following properties from type 'EntityProfile': schemaVersion, source, brand, context, and 9 more.
src/api/ownership.test.ts(458,9): error TS2740: Type '{ id: string; }' is missing the following properties from type 'EntityProfile': schemaVersion, source, brand, context, and 9 more.
src/api/ownership.test.ts(467,9): error TS2740: Type '{ id: string; }' is missing the following properties from type 'EntityProfile': schemaVersion, source, brand, context, and 9 more.
src/api/ownership.test.ts(543,7): error TS2740: Type '{ id: string; }' is missing the following properties from type 'EntityProfile': schemaVersion, source, brand, context, and 9 more.
src/api/ownership.test.ts(577,7): error TS2740: Type '{ id: string; }' is missing the following properties from type 'EntityProfile': schemaVersion, source, brand, context, and 9 more.
src/api/ownership.test.ts(615,7): error TS2740: Type '{ id: string; }' is missing the following properties from type 'EntityProfile': schemaVersion, source, brand, context, and 9 more.
src/api/ownership.test.ts(662,7): error TS2740: Type '{ id: string; }' is missing the following properties from type 'EntityProfile': schemaVersion, source, brand, context, and 9 more.
src/api/routes/orchestrator.ts(875,11): error TS2322: Type 'unknown' is not assignable to type 'JsonValue | undefined'.
src/brain/flowmind/flowMindActionExecutor.ts(156,42): error TS2345: Argument of type 'import("C:/flow_core_group/backend/src/brain/domain/entity/contracts/UserMemory", { with: { "resolution-mode": "import" } }).UserMemory' is not assignable to parameter of type 'import("C:/flow_core_group/backend/src/brain/domain/entity/services/memoryEngine", { with: { "resolution-mode": "import" } }).UserMemory'.
  Types of property 'lastInteractions' are incompatible.
    Type 'UserMemoryInteraction[]' is not assignable to type 'MemoryInteraction[]'.
      Type 'UserMemoryInteraction' is not assignable to type 'MemoryInteraction'.
        Types of property 'type' are incompatible.
          Type 'string | undefined' is not assignable to type 'string'.
            Type 'undefined' is not assignable to type 'string'.
src/brain/flowmind/flowMindEngine.ts(215,34): error TS18046: 'exportFormats' is of type 'unknown'.
src/brain/flowmind/flowMindEngine.ts(300,33): error TS7016: Could not find a declaration file for module '../../../dist/brain/flowmind/flowMindEngine.js'. 'C:/flow_core_group/backend/dist/brain/flowmind/flowMindEngine.js' implicitly has an 'any' type.
src/db/dbClient.ts(117,47): error TS2344: Type 'T' does not satisfy the constraint 'QueryResultRow'.
src/db/dbClient.ts(122,47): error TS2344: Type 'T' does not satisfy the constraint 'QueryResultRow'.
src/orchestrator/dashboardProjection.test.ts(5,34): error TS2307: Cannot find module '../brain/flowmind/testUtils.js' or its corresponding type declarations.
src/orchestrator/flowMindAuthorityPolicy.test.ts(4,63): error TS2307: Cannot find module '../brain/flowmind/testUtils.js' or its corresponding type declarations.
src/orchestrator/flowMindComparison.test.ts(4,45): error TS2307: Cannot find module '../brain/flowmind/testUtils.js' or its corresponding type declarations.
src/orchestrator/flowMindOperationalService.test.ts(4,34): error TS2307: Cannot find module '../brain/flowmind/testUtils.js' or its corresponding type declarations.
src/orchestrator/memoryRules.ts(24,45): error TS2345: Argument of type 'import("C:/flow_core_group/backend/src/brain/domain/entity/contracts/UserMemory", { with: { "resolution-mode": "import" } }).UserMemory' is not assignable to parameter of type 'import("C:/flow_core_group/backend/src/brain/domain/entity/services/memoryEngine", { with: { "resolution-mode": "import" } }).UserMemory'.
  Types of property 'lastInteractions' are incompatible.
    Type 'UserMemoryInteraction[]' is not assignable to type 'MemoryInteraction[]'.
      Type 'UserMemoryInteraction' is not assignable to type 'MemoryInteraction'.
        Types of property 'type' are incompatible.
          Type 'string | undefined' is not assignable to type 'string'.
            Type 'undefined' is not assignable to type 'string'.
src/orchestrator/relationalTraceProjection.ts(172,27): error TS2362: The left-hand side of an arithmetic operation must be of type 'any', 'number', 'bigint' or an enum type.
src/orchestrator/relationalTraceProjection.ts(176,22): error TS2362: The left-hand side of an arithmetic operation must be of type 'any', 'number', 'bigint' or an enum type.
src/orchestrator/relationalTraceProjection.ts(180,30): error TS2362: The left-hand side of an arithmetic operation must be of type 'any', 'number', 'bigint' or an enum type.
src/orchestrator/relationalTraceProjection.ts(204,57): error TS2345: Argument of type '{}' is not assignable to parameter of type 'number'.
src/orchestrator/relationalTraceProjection.ts(205,50): error TS2345: Argument of type '{}' is not assignable to parameter of type 'number'.
src/orchestrator/relationalTraceProjection.ts(206,63): error TS2345: Argument of type '{}' is not assignable to parameter of type 'number'.
src/orchestrator/runtimeSceneProjection.ts(51,27): error TS18048: 'profile.manifestation.spec' is possibly 'undefined'.
src/orchestrator/runtimeSceneProjection.ts(51,27): error TS18048: 'profile.manifestation.spec.runtime' is possibly 'undefined'.
src/orchestrator/runtimeSceneProjection.ts(51,81): error TS2538: Type 'undefined' cannot be used as an index type.
src/orchestrator/runtimeSceneProjection.ts(52,27): error TS18048: 'profile.manifestation.spec' is possibly 'undefined'.
src/orchestrator/runtimeSceneProjection.ts(52,27): error TS18048: 'profile.manifestation.spec.runtime' is possibly 'undefined'.
src/orchestrator/runtimeSceneProjection.ts(52,84): error TS2538: Type 'undefined' cannot be used as an index type.
src/orchestrator/runtimeSceneProjection.ts(57,25): error TS18048: 'profile.manifestation.spec' is possibly 'undefined'.
src/orchestrator/runtimeSceneProjection.ts(57,25): error TS18048: 'profile.manifestation.spec.runtime' is possibly 'undefined'.
src/orchestrator/runtimeSceneProjection.ts(57,79): error TS2538: Type 'undefined' cannot be used as an index type.
src/orchestrator/runtimeSceneProjection.ts(58,61): error TS18048: 'profile.manifestation.spec' is possibly 'undefined'.
src/orchestrator/runtimeSceneProjection.ts(58,61): error TS18048: 'profile.manifestation.spec.runtime' is possibly 'undefined'.
src/orchestrator/runtimeSceneProjection.ts(103,72): error TS2538: Type 'undefined' cannot be used as an index type.
src/orchestrator/runtimeSceneProjection.ts(117,45): error TS2345: Argument of type 'number | undefined' is not assignable to parameter of type 'number'.
  Type 'undefined' is not assignable to type 'number'.
src/orchestrator/runtimeSceneProjection.ts(157,17): error TS18048: 'profile.manifestation.birthTimeline' is possibly 'undefined'.
src/orchestrator/runtimeSceneProjection.ts(158,15): error TS18048: 'profile.manifestation.birthTimeline' is possibly 'undefined'.
src/services/flowMindService.test.ts(4,34): error TS2307: Cannot find module '../brain/flowmind/testUtils.js' or its corresponding type declarations.
src/services/index.ts(11,72): error TS2307: Cannot find module './entityRepositoryExample.js' or its corresponding type declarations.
src/services/index.ts(21,42): error TS2307: Cannot find module './entityEventLogExample.js' or its corresponding type declarations.
src/services/index.ts(22,40): error TS2307: Cannot find module './entityExportExample.js' or its corresponding type declarations.
src/services/publicEntityInteractionService.test.ts(4,34): error TS2307: Cannot find module '../brain/flowmind/testUtils.js' or its corresponding type declarations.
src/services/publicFlowMindPartialService.test.ts(4,34): error TS2307: Cannot find module '../brain/flowmind/testUtils.js' or its corresponding type declarations.
src/services/publicFlowMindShadowService.test.ts(4,34): error TS2307: Cannot find module '../brain/flowmind/testUtils.js' or its corresponding type declarations.
src/services/publicInteractionActionService.test.ts(17,10): error TS2352: Conversion of type '{ id: string; schemaVersion: 1; source: "backend-engine"; brand: {}; context: {}; palette: {}; social: { publicName: string; }; export: {}; manifestation: {}; morphology: {}; behavior: {}; relational: { ...; }; finalForm: { ...; }; metadata: { ...; }; }' to type 'EntityProfile' may be a mistake because neither type sufficiently overlaps with the other. If this was intentional, convert the expression to 'unknown' first.
  Types of property 'brand' are incompatible.
    Property 'name' is missing in type '{}' but required in type '{ [key: string]: unknown; name: string; }'.
src/services/publicInteractionActionService.test.ts(227,21): error TS2339: Property 'caseId' does not exist on type 'PublicInteractionActionResult'.
  Property 'caseId' does not exist on type '{ actionType: "create_legal_case"; status: "needs_input"; missingFields: ("descricao" | "cidade" | "contato")[]; }'.
src/services/publicInteractionActionService.test.ts(253,21): error TS2339: Property 'caseId' does not exist on type 'PublicInteractionActionResult'.
  Property 'caseId' does not exist on type '{ actionType: "create_legal_case"; status: "needs_input"; missingFields: ("descricao" | "cidade" | "contato")[]; }'.
src/services/publicInteractionActionService.test.ts(413,21): error TS2339: Property 'caseId' does not exist on type 'PublicInteractionActionResult'.
  Property 'caseId' does not exist on type '{ actionType: "create_legal_case"; status: "needs_input"; missingFields: ("descricao" | "cidade" | "contato")[]; }'.
src/services/publicInteractionActionService.test.ts(428,21): error TS2339: Property 'caseId' does not exist on type 'PublicInteractionActionResult'.
  Property 'caseId' does not exist on type '{ actionType: "create_legal_case"; status: "needs_input"; missingFields: ("descricao" | "cidade" | "contato")[]; }'.
